
> portfolio@2.0.0 build
> next build --no-lint

 ⚠ Linting is disabled.
  ▲ Next.js 14.2.35
  - Environments: .env.local

   Creating an optimized production build ...
Next.js build worker exited with code: 3221225794 and signal: null
